// Jest Snapshot v1, https://goo.gl/fbAQLP

exports[`To test the UI of Register.js 1`] = `
<div>
  <div
    class="d-flex align-items-center justify-content-center py-5 container"
  >
    <div
      class="w-100 justify-content-center row"
    >
      <div
        class="col-md-6 col-lg-4"
      >
        <div
          class="shadow-sm border-0 card"
          style="background-color: rgb(244, 234, 233);"
        >
          <div
            class="p-5 card-body"
          >
            <div
              class="text-center mb-4"
            >
              <h3
                class="fw-bold mb-0"
              >
                User Registration
              </h3>
            </div>
            <form
              class=""
            >
              <div
                class="mb-3 mb-3"
              >
                <div
                  class="mb-1 fw-semibold"
                >
                  Name
                </div>
                <input
                  class="form-control"
                  placeholder="Full name"
                  type="text"
                  value=""
                />
              </div>
              <div
                class="mb-3 mb-3"
              >
                <div
                  class="mb-1 fw-semibold"
                >
                  Email
                </div>
                <input
                  class="form-control"
                  placeholder="Email"
                  type="email"
                  value=""
                />
              </div>
              <div
                class="mb-4 mb-3"
              >
                <div
                  class="mb-1 fw-semibold"
                >
                  Password
                </div>
                <input
                  class="form-control"
                  placeholder="Password"
                  type="password"
                  value=""
                />
              </div>
              <div
                class="d-grid mb-3"
              >
                <button
                  class="btn btn-secondary"
                  style="background-color: rgb(242, 107, 29);"
                  type="submit"
                >
                  Register
                </button>
              </div>
              <div
                class="text-center small"
              >
                <a
                  class="text-decoration-none"
                  href="/login"
                >
                  Already have an account? Login
                </a>
              </div>
            </form>
          </div>
        </div>
      </div>
    </div>
  </div>
</div>
`;
